[nhatran111.vn/index.html]
[backblue.gif]
[fade.gif]
[index.html]
[nhatran111.vn/img/favicon.ico]
[nhatran111.vn/lib/uikit/css/uikit.css]
[nhatran111.vn/css/site.css]
[nhatran111.vn/img/Logo_NhaTran 1.png]
[nhatran111.vn/img/Vector.png]
[nhatran111.vn/dang-nhap.html]
[nhatran111.vn/thong-tin-chung/gioi-thieu-ve-trung-tam.html]
[nhatran111.vn/thong-tin-chung/gia-tri-khac-biet.html]
[nhatran111.vn/thong-tin-chung/co-so-vat-chat.html]
[nhatran111.vn/lich-khai-giang.html]
[nhatran111.vn/khoa-hoc.html]
[nhatran111.vn/khoa-hoc/khoa-hoc-nang-cap-1.html]
[nhatran111.vn/khoa-hoc/khoa-hoc-nang-cap-2.html]
[nhatran111.vn/khoa-hoc/khoa-hoc-pre-ielts.html]
[nhatran111.vn/khoa-hoc/khoa-hoc-ielts-intermediate.html]
[nhatran111.vn/khoa-hoc/khoa-hoc-ielts-advanced.html]
[nhatran111.vn/khoa-hoc/khoa-hoc-tieng-anh-trung-hoc-co-so.html]
[nhatran111.vn/thanh-tich-hoc-tap.html]
[nhatran111.vn/thong-tin-chung/hoi-dap.html]
[nhatran111.vn/tin-tuc.html]
[nhatran111.vn/lien-he.html]
[nhatran111.vn/img/tailieu/mobilelogo.png]
[admin.nhatran111.vn/eData/Banner/banner 3 1.jpg]
[nhatran111.vn/img/gioithieu.png]
[admin.nhatran111.vn/eData/Menu/m71.png]
[admin.nhatran111.vn/eData/Menu/m21.png]
[admin.nhatran111.vn/eData/Menu/m41.png]
[admin.nhatran111.vn/eData/Menu/m61.png]
[admin.nhatran111.vn/eData/Menu/m91.png]
[admin.nhatran111.vn/eData/ckEditor/image/Frame47263.png]
[admin.nhatran111.vn/eData/ckEditor/image/anh2.jpg]
[admin.nhatran111.vn/eData/ckEditor/image/Frame47263(1).png]
[admin.nhatran111.vn/eData/ckEditor/image/Frame47263(2).png]
[admin.nhatran111.vn/eData/ckEditor/image/Frame47263(3).png]
[admin.nhatran111.vn/eData/ckEditor/Lichhoc_detail.png]
[admin.nhatran111.vn/eData/OpeningCalendar/KHOI8608 - Copy (2).jpg]
[admin.nhatran111.vn/eData/OpeningCalendar/KHOI3638 - Copy (2) copy.png]
[admin.nhatran111.vn/eData/OpeningCalendar/KHOI3663aaa.jpg]
[admin.nhatran111.vn/eData/OpeningCalendar/KHOI3680.jpg]
[admin.nhatran111.vn/eData/OpeningCalendar/KHOI8840 - Copy.jpg]
[admin.nhatran111.vn/eData/OpeningCalendar/KHOI8733 - Copy.jpg]
[admin.nhatran111.vn/eData/OpeningCalendar/KHOI3686 - Copy.jpg]
[admin.nhatran111.vn/eData/OpeningCalendar/KHOI3699 - Copy.jpg]
[nhatran111.vn/img/home/success.png]
[nhatran111.vn/img/Logo_NhaTran 1.jpg]
[admin.nhatran111.vn/eData/Achievement/NguyenVietCuong8.5 - Copy.png]
[nhatran111.vn/img/home/top.png]
[nhatran111.vn/img/home/bottom.png]
[nhatran111.vn/thanh-tich-hoc-tap/nguyen-viet-cuong.html]
[admin.nhatran111.vn/eData/Achievement/HoangThuMinh8.0.png]
[nhatran111.vn/thanh-tich-hoc-tap/hoang-thu-minh.html]
[admin.nhatran111.vn/eData/Achievement/NguyenPhuongLinh8.0 - Copy.png]
[nhatran111.vn/thanh-tich-hoc-tap/nguyen-phuong-linh.html]
[admin.nhatran111.vn/eData/Achievement/VuMinhDiep8.0 - Copy.png]
[nhatran111.vn/thanh-tich-hoc-tap/vu-minh-diep.html]
[admin.nhatran111.vn/eData/Achievement/z5251665147612_da47004b09b63b2b57ae1ce603d59ae3.jpg]
[nhatran111.vn/thanh-tich-hoc-tap/nguyen-cam-tu.html]
[admin.nhatran111.vn/eData/Achievement/z5123945487812_2a2098d97d751b25268aae7499335c41.jpg]
[nhatran111.vn/thanh-tich-hoc-tap/vu-khanh-vy.html]
[admin.nhatran111.vn/eData/Achievement/21).jpg]
[nhatran111.vn/thanh-tich-hoc-tap/bui-viet-thanh.html]
[admin.nhatran111.vn/eData/Achievement/20).jpg]
[nhatran111.vn/thanh-tich-hoc-tap/nguyen-phuong-ngoc.html]
[admin.nhatran111.vn/eData/Achievement/19).jpg]
[nhatran111.vn/thanh-tich-hoc-tap/tram-anh.html]
[admin.nhatran111.vn/eData/Achievement/NGUYEN KHANH TOAN.jpg]
[nhatran111.vn/thanh-tich-hoc-tap/nguyen-khanh-toan.html]
[admin.nhatran111.vn/eData/Achievement/IMG_7256.jpg]
[nhatran111.vn/thanh-tich-hoc-tap/cuu-hoc-sinh-lop-ielts-22e-intensive-.html]
[admin.nhatran111.vn/eData/Achievement/2222.jpg]
[nhatran111.vn/thanh-tich-hoc-tap/cuu-hoc-sinh-lop-ielts-22c-intensive-.html]
[admin.nhatran111.vn/eData/Achievement/VU MINH (1).jpg]
[nhatran111.vn/thanh-tich-hoc-tap/nguyen-vu-minh.html]
[admin.nhatran111.vn/eData/Achievement/5).png]
[nhatran111.vn/thanh-tich-hoc-tap/cuu-hoc-vien-lop-ie22c-intensive.html]
[admin.nhatran111.vn/eData/Achievement/6).png]
[nhatran111.vn/thanh-tich-hoc-tap/nguyen-ngoc-minh-anh.html]
[admin.nhatran111.vn/eData/Achievement/A06@.jpg]
[nhatran111.vn/thanh-tich-hoc-tap/trinh-tri-dung.html]
[admin.nhatran111.vn/eData/Achievement/7).jpg]
[nhatran111.vn/thanh-tich-hoc-tap/cuc-hoc-vien-lop-intensive-7-.html]
[admin.nhatran111.vn/eData/Achievement/8).jpg]
[nhatran111.vn/thanh-tich-hoc-tap/tran-tuan-son.html]
[admin.nhatran111.vn/eData/Achievement/9).jpg]
[nhatran111.vn/thanh-tich-hoc-tap/ninh-bao-ngoc.html]
[admin.nhatran111.vn/eData/Achievement/10).jpg]
[nhatran111.vn/thanh-tich-hoc-tap/cuu-hoc-sinh-lop-ie-21a1-adv.html]
[admin.nhatran111.vn/eData/Achievement/11).jpg]
[nhatran111.vn/thanh-tich-hoc-tap/vu-nhat-tuong-van.html]
[admin.nhatran111.vn/eData/Achievement/12).jpg]
[nhatran111.vn/thanh-tich-hoc-tap/bui-anh-thu.html]
[admin.nhatran111.vn/eData/Achievement/13).jpg]
[nhatran111.vn/thanh-tich-hoc-tap/dang-thu-phuong.html]
[admin.nhatran111.vn/eData/Achievement/14).jpg]
[nhatran111.vn/thanh-tich-hoc-tap/nguyen-duy-phuong.html]
[admin.nhatran111.vn/eData/Achievement/15).jpg]
[nhatran111.vn/thanh-tich-hoc-tap/bui-yen-linh.html]
[nhatran111.vn/tin-tuc/1-ielts-la-gi-.html]
[admin.nhatran111.vn/eData/New/logo.png]
[nhatran111.vn/tin-tuc/2-nhung-loi-the-khi-ban-thi-ielts.html]
[nhatran111.vn/tin-tuc/3-ielts-hoc-thuat-va-ielts-tong-quat-khac-nhau-nhu-the-nao-.html]
[nhatran111.vn/tin-tuc/4-hinh-thuc-thi-ielts.html]
[nhatran111.vn/img/home/arrow.png]
[nhatran111.vn/img/Logo_NhaTran1 1.png]
[nhatran111.vn/img/call.png]
[admin.nhatran111.vn/eData/ckEditor/image/truso.png]
[admin.nhatran111.vn/eData/ckEditor/image/phone.png]
[admin.nhatran111.vn/eData/ckEditor/image/mail.png]
[admin.nhatran111.vn/eData/ckEditor/image/location.png]
[nhatran111.vn/img/social/Call.png]
[nhatran111.vn/img/social/mail.png]
[nhatran111.vn/img/social/Group 45775.png]
[nhatran111.vn/img/social/Facebook_Logo_(2019) 1.png]
[nhatran111.vn/img/Group 47158.png]
[nhatran111.vn/dang-ky-thi-xep-lop.html]
[code.jquery.com/jquery-3.7.0.js]
[nhatran111.vn/lib/uikit/js/uikit.min871f.js]
[nhatran111.vn/lib/uikit/js/uikit-icons.min0704.js]
[nhatran111.vn/js/siteffc9.js]
[nhatran111.vn/index.html]
[nhatran111.vn/lib/uikit/css/uikit.css]
[nhatran111.vn/img/chiase/background.png]
[nhatran111.vn/img/chitietkhoahoc/1/Frame 47163.png]
[nhatran111.vn/css/site.css]
[nhatran111.vn/dang-nhap.html]
[admin.nhatran111.vn/eData/ckEditor/gioithieu1.jpg]
[admin.nhatran111.vn/eData/ckEditor/gioithieu2.jpg]
[admin.nhatran111.vn/eData/ckEditor/Group47125.jpg]
[admin.nhatran111.vn/eData/ckEditor/Group47125-1.jpg]
[admin.nhatran111.vn/eData/ckEditor/Group47124.jpg]
[admin.nhatran111.vn/eData/ckEditor/Group47124-1.jpg]
[admin.nhatran111.vn/eData/ckEditor/Group47123.jpg]
[admin.nhatran111.vn/eData/ckEditor/Group47123-1.jpg]
[nhatran111.vn/thong-tin-chung/gioi-thieu-ve-trung-tam.html]
[admin.nhatran111.vn/eData/ckEditor/Group 47122.jpg]
[admin.nhatran111.vn/eData/ckEditor/Logo_NhaTran 1.png]
[admin.nhatran111.vn/edata/ckeditor/image/home/Group 47123.jpg]
[nhatran111.vn/thong-tin-chung/gia-tri-khac-biet.html]
[admin.nhatran111.vn/eData/ckEditor/Group 47123.jpg]
[admin.nhatran111.vn/eData/ckEditor/Group 47125.jpg]
[admin.nhatran111.vn/eData/ckEditor/Group 47125-1.jpg]
[admin.nhatran111.vn/eData/ckEditor/Group 47124.jpg]
[admin.nhatran111.vn/eData/ckEditor/Rectangle 5.jpg]
[nhatran111.vn/thong-tin-chung/co-so-vat-chat.html]
[nhatran111.vn/lich-khai-giang.html]
[admin.nhatran111.vn/edata/ckeditor/image/lichkhaigiang/1/Frame 47242.png]
[nhatran111.vn/khoa-hoc.html]
[nhatran111.vn/khoa-hoc/khoa-hoc-nang-cap-1.html]
[nhatran111.vn/khoa-hoc/khoa-hoc-nang-cap-2.html]
[nhatran111.vn/khoa-hoc/khoa-hoc-pre-ielts.html]
[nhatran111.vn/khoa-hoc/khoa-hoc-ielts-intermediate.html]
[nhatran111.vn/khoa-hoc/khoa-hoc-ielts-advanced.html]
[nhatran111.vn/khoa-hoc/khoa-hoc-tieng-anh-trung-hoc-co-so.html]
[admin.nhatran111.vn/eData/Achievement/BGround.png]
[nhatran111.vn/thanh-tich-hoc-tap/luu-thu-huong.html]
[nhatran111.vn/thanh-tich-hoc-tap/tran-nguyet-tra.html]
[nhatran111.vn/thanh-tich-hoc-tap.html]
[nhatran111.vn/thong-tin-chung/hoi-dap.html]
[nhatran111.vn/thanh-tich-hoc-tap/vo-hong-anh.html]
[nhatran111.vn/tin-tuc/5-nhung-quy-dinh-ve-huy-va-doi-ngay-thi.html]
[nhatran111.vn/tin-tuc/6-ket-qua-thi.html]
[nhatran111.vn/tin-tuc/7-gui-ket-qua-thi-ielts.html]
[nhatran111.vn/tin-tuc/8-phuc-khao-ket-qua.html]
[nhatran111.vn/tin-tuc/9-cac-truong-hop-khac.html]
[nhatran111.vn/tin-tuc/11-vi-sao-ban-nen-lua-chon-thi-ielts-.html]
[nhatran111.vn/tin-tuc/12-toi-nen-chon-loai-hinh-thi-ielts-nao-.html]
[nhatran111.vn/tin-tuc/13-nhung-dieu-ban-can-biet-trong-ngay-thi.html]
[nhatran111.vn/tin-tuc/14-ket-qua-ielts-–-thoi-gian-va-cach-thuc-nhan-bang-diem-ielts.html]
[nhatran111.vn/tin-tuc.html]
[admin.nhatran111.vn/eData/ckEditor/image/chiase/Group 47120.png]
[admin.nhatran111.vn/eData/ckEditor/image/chiase/Group 47240.png]
[nhatran111.vn/lien-he.html]
[nhatran111.vn/img/chitietkhoahoc/1/Group 16.png]
[nhatran111.vn/img/chitietkhoahoc/1/“.png]
[nhatran111.vn/img/chitietkhoahoc/1/”.png]
[nhatran111.vn/thanh-tich-hoc-tap/nguyen-viet-cuong.html]
[nhatran111.vn/thanh-tich-hoc-tap/hoang-thu-minh.html]
[nhatran111.vn/thanh-tich-hoc-tap/nguyen-phuong-linh.html]
[nhatran111.vn/thanh-tich-hoc-tap/vu-minh-diep.html]
[nhatran111.vn/thanh-tich-hoc-tap/nguyen-cam-tu.html]
[nhatran111.vn/thanh-tich-hoc-tap/vu-khanh-vy.html]
[nhatran111.vn/thanh-tich-hoc-tap/bui-viet-thanh.html]
[nhatran111.vn/thanh-tich-hoc-tap/nguyen-phuong-ngoc.html]
[nhatran111.vn/thanh-tich-hoc-tap/tram-anh.html]
[nhatran111.vn/thanh-tich-hoc-tap/nguyen-khanh-toan.html]
[nhatran111.vn/thanh-tich-hoc-tap/cuu-hoc-sinh-lop-ielts-22e-intensive-.html]
[nhatran111.vn/thanh-tich-hoc-tap/cuu-hoc-sinh-lop-ielts-22c-intensive-.html]
[nhatran111.vn/thanh-tich-hoc-tap/nguyen-vu-minh.html]
[nhatran111.vn/thanh-tich-hoc-tap/cuu-hoc-vien-lop-ie22c-intensive.html]
[nhatran111.vn/thanh-tich-hoc-tap/nguyen-ngoc-minh-anh.html]
[nhatran111.vn/thanh-tich-hoc-tap/trinh-tri-dung.html]
[nhatran111.vn/thanh-tich-hoc-tap/cuc-hoc-vien-lop-intensive-7-.html]
[nhatran111.vn/thanh-tich-hoc-tap/tran-tuan-son.html]
[nhatran111.vn/thanh-tich-hoc-tap/ninh-bao-ngoc.html]
[nhatran111.vn/thanh-tich-hoc-tap/cuu-hoc-sinh-lop-ie-21a1-adv.html]
[nhatran111.vn/thanh-tich-hoc-tap/vu-nhat-tuong-van.html]
[nhatran111.vn/thanh-tich-hoc-tap/bui-anh-thu.html]
[nhatran111.vn/thanh-tich-hoc-tap/dang-thu-phuong.html]
[nhatran111.vn/thanh-tich-hoc-tap/nguyen-duy-phuong.html]
[nhatran111.vn/thanh-tich-hoc-tap/bui-yen-linh.html]
[nhatran111.vn/img/tintuc/icon.png]
[nhatran111.vn/tin-tuc/1-ielts-la-gi-.html]
[nhatran111.vn/tin-tuc/2-nhung-loi-the-khi-ban-thi-ielts.html]
[nhatran111.vn/tin-tuc/3-ielts-hoc-thuat-va-ielts-tong-quat-khac-nhau-nhu-the-nao-.html]
[nhatran111.vn/tin-tuc/4-hinh-thuc-thi-ielts.html]
[nhatran111.vn/lib/jqPaginator/jqPaginator.css]
[nhatran111.vn/img/chiase/simple-line-icons_calender.png]
[nhatran111.vn/dang-ky-thi-xep-lop/chi-tiet/lich-thi-dau-vao-lop-ielts-chieu-thu-sau-ngay-03-05-2024-tu-14-h-00-den-16-h-30.html]
[nhatran111.vn/dang-ky-thi-xep-lop/chi-tiet/lich-thi-dau-vao-lop-6-7-8-9-chieu-thu-bay-ngay-04-05-2024-tu-14-h-00-den-16-h-00.html]
[nhatran111.vn/dang-ky-thi-xep-lop/chi-tiet/lich-thi-dau-vao-lop-ielts-toi-thu-bay-ngay-04-05-2024-tu-18-h-00-den-20-h-30.html]
[nhatran111.vn/dang-ky-thi-xep-lop/chi-tiet/lich-thi-dau-vao-lop-6-7-8-9-chieu-chu-nhat-ngay-05-05-2024-tu-14-h-00-den-16-h-00.html]
[nhatran111.vn/dang-ky-thi-xep-lop/chi-tiet/lich-thi-dau-vao-lop-ielts-toi-chu-nhat-ngay-05-05-2024-tu-18-h-00-den-20-h-30.html]
[nhatran111.vn/dang-ky-thi-xep-lop/chi-tiet/lich-thi-dau-vao-lop-ielts-toi-thu-tu-ngay-08-05-2024-tu-18-h-00-den-20-h-30.html]
[nhatran111.vn/dang-ky-thi-xep-lop/chi-tiet/lich-thi-dau-vao-lop-ielts-chieu-thu-ba-ngay-07-05-2024-tu-14-h-00-den-16-h-30.html]
[nhatran111.vn/dang-ky-thi-xep-lop/chi-tiet/lich-thi-dau-vao-lop-ielts-chieu-thu-sau-ngay-10-05-2024-tu-14-h-00-den-16-h-30.html]
[nhatran111.vn/dang-ky-thi-xep-lop/chi-tiet/lich-thi-dau-vao-lop-6-7-8-9-chieu-thu-bay-ngay-11-05-2024-tu-14-h-00-den-16-h-00.html]
[nhatran111.vn/dang-ky-thi-xep-lop/chi-tiet/lich-thi-dau-vao-lop-ielts-toi-thu-bay-ngay-11-05-2024-tu-18-h-00-den-20-h-30.html]
[nhatran111.vn/dang-ky-thi-xep-lop/chi-tiet/lich-thi-dau-vao-lop-6-7-8-9-chieu-chu-nhat-ngay-12-05-2024-tu-14-h-00-den-16-h-00.html]
[nhatran111.vn/dang-ky-thi-xep-lop/chi-tiet/lich-thi-dau-vao-lop-ielts-chieu-thu-ba-ngay-14-05-2024-tu-14-h-00-den-16-h-30.html]
[nhatran111.vn/dang-ky-thi-xep-lop/chi-tiet/lich-thi-dau-vao-lop-ielts-toi-thu-tu-ngay-15-05-2024-tu-18-h-00-den-20-h-30.html]
[nhatran111.vn/dang-ky-thi-xep-lop/chi-tiet/lich-thi-dau-vao-lop-ielts-chieu-thu-sau-ngay-17-05-2024-tu-14-h-00-den-16-h-30.html]
[nhatran111.vn/dang-ky-thi-xep-lop/chi-tiet/lich-thi-dau-vao-lop-6-7-8-9-chieu-thu-bay-ngay-18-05-2024-tu-14-h-00-den-16-h-00.html]
[nhatran111.vn/dang-ky-thi-xep-lop/chi-tiet/lich-thi-dau-vao-lop-ielts-toi-thu-bay-ngay-18-05-2024-tu-18-h-00-den-20-h-30.html]
[nhatran111.vn/dang-ky-thi-xep-lop/chi-tiet/lich-thi-dau-vao-lop-6-7-8-9-chieu-chu-nhat-ngay-19-05-2024-tu-14-h-00-den-16-h-00.html]
[nhatran111.vn/dang-ky-thi-xep-lop/chi-tiet/lich-thi-dau-vao-lop-ielts-toi-chu-nhat-ngay-19-05-2024-tu-18-h-00-den-20-h-30.html]
[nhatran111.vn/dang-ky-thi-xep-lop/chi-tiet/lich-thi-dau-vao-lop-ielts-chieu-thu-ba-ngay-21-05-2024-tu-14-h-00-den-16-h-30.html]
[nhatran111.vn/dang-ky-thi-xep-lop/chi-tiet/lich-thi-dau-vao-lop-ielts-toi-thu-tu-ngay-22-05-2024-tu-18-h-00-den-20-h-30.html]
[nhatran111.vn/dang-ky-thi-xep-lop/chi-tiet/lich-thi-dau-vao-lop-ielts-chieu-thu-sau-ngay-24-05-2024-tu-14-h-00-den-16-h-30.html]
[nhatran111.vn/dang-ky-thi-xep-lop/chi-tiet/lich-thi-dau-vao-lop-6-7-8-9-chieu-thu-bay-ngay-25-05-2024-tu-14-h-00-den-16-h-00.html]
[nhatran111.vn/dang-ky-thi-xep-lop/chi-tiet/lich-thi-dau-vao-lop-ielts-toi-thu-bay-ngay-25-05-2024-tu-18-h-00-den-20-h-30.html]
[nhatran111.vn/dang-ky-thi-xep-lop/chi-tiet/lich-thi-dau-vao-lop-6-7-8-9-chieu-chu-nhat-ngay-26-05-2024-tu-14-h-00-den-16-h-00.html]
[nhatran111.vn/dang-ky-thi-xep-lop/chi-tiet/lich-thi-dau-vao-lop-ielts-toi-chu-nhat-ngay-26-05-2024-tu-18-h-00-den-20-h-30.html]
[nhatran111.vn/dang-ky-thi-xep-lop/chi-tiet/lich-thi-dau-vao-lop-ielts-chieu-thu-ba-ngay-28-05-2024-tu-14-h-00-den-16-h-30.html]
[nhatran111.vn/dang-ky-thi-xep-lop/chi-tiet/lich-thi-dau-vao-lop-ielts-toi-thu-tu-ngay-29-05-2024-tu-18-h-00-den-20-h-30.html]
[nhatran111.vn/dang-ky-thi-xep-lop/chi-tiet/lich-thi-dau-vao-lop-ielts-chieu-thu-sau-ngay-31-05-2024-tu-14-h-00-den-16-h-30.html]
[nhatran111.vn/dang-ky-thi-xep-lop/chi-tiet/lich-thi-dau-vao-lop-6-7-8-9-chieu-thu-bay-ngay-01-06-2024-tu-14-h-00-den-16-h-00.html]
[nhatran111.vn/dang-ky-thi-xep-lop/chi-tiet/lich-thi-dau-vao-lop-ielts-toi-thu-bay-ngay-01-06-2024-tu-18-h-00-den-20-h-30.html]
[nhatran111.vn/dang-ky-thi-xep-lop/chi-tiet/lich-thi-dau-vao-lop-6-7-8-9-chieu-chu-nhat-ngay-02-06-2024-tu-14-h-00-den-16-h-00.html]
[nhatran111.vn/dang-ky-thi-xep-lop/chi-tiet/lich-thi-dau-vao-lop-ielts-toi-chu-nhat-ngay-02-06-2024-tu-18-h-00-den-20-h-30.html]
[nhatran111.vn/dang-ky-thi-xep-lop/chi-tiet/lich-thi-dau-vao-lop-ielts-chieu-thu-ba-ngay-04-06-2024-tu-14-h-00-den-16-h-30.html]
[nhatran111.vn/dang-ky-thi-xep-lop/chi-tiet/lich-thi-dau-vao-lop-ielts-toi-thu-tu-ngay-05-06-2024-tu-18-h-00-den-20-h-30.html]
[nhatran111.vn/dang-ky-thi-xep-lop/chi-tiet/lich-thi-dau-vao-lop-ielts-chieu-thu-sau-ngay-07-06-2024-tu-14-h-00-den-16-h-30.html]
[nhatran111.vn/dang-ky-thi-xep-lop/chi-tiet/lich-thi-dau-vao-lop-6-7-8-9-chieu-thu-bay-ngay-08-06-2024-tu-14-h-00-den-16-h-00.html]
[nhatran111.vn/dang-ky-thi-xep-lop/chi-tiet/lich-thi-dau-vao-lop-ielts-toi-thu-bay-ngay-08-06-2024-tu-18-h-00-den-20-h-30.html]
[nhatran111.vn/dang-ky-thi-xep-lop/chi-tiet/lich-thi-dau-vao-lop-6-7-8-9-chieu-chu-nhat-ngay-09-06-2024-tu-14-h-00-den-16-h-00.html]
[nhatran111.vn/dang-ky-thi-xep-lop.html]
[nhatran111.vn/css/anh23.html]
[nhatran111.vn/image/partner_bg.html]
[nhatran111.vn/lib/jqPaginator/jqPaginator8e03.js]
[admin.nhatran111.vn/eData/Achievement/16).jpg]
[nhatran111.vn/thanh-tich-hoc-tap/luu-thu-huong.html]
[admin.nhatran111.vn/eData/Achievement/18).jpg]
[nhatran111.vn/thanh-tich-hoc-tap/tran-nguyet-tra.html]
[admin.nhatran111.vn/eData/Achievement/17).jpg]
[nhatran111.vn/thanh-tich-hoc-tap/vo-hong-anh.html]
[nhatran111.vn/tin-tuc/5-nhung-quy-dinh-ve-huy-va-doi-ngay-thi.html]
[nhatran111.vn/tin-tuc/6-ket-qua-thi.html]
[nhatran111.vn/tin-tuc/7-gui-ket-qua-thi-ielts.html]
[nhatran111.vn/tin-tuc/8-phuc-khao-ket-qua.html]
[nhatran111.vn/tin-tuc/9-cac-truong-hop-khac.html]
[nhatran111.vn/tin-tuc/11-vi-sao-ban-nen-lua-chon-thi-ielts-.html]
[nhatran111.vn/tin-tuc/12-toi-nen-chon-loai-hinh-thi-ielts-nao-.html]
[nhatran111.vn/tin-tuc/13-nhung-dieu-ban-can-biet-trong-ngay-thi.html]
[nhatran111.vn/tin-tuc/14-ket-qua-ielts-–-thoi-gian-va-cach-thuc-nhan-bang-diem-ielts.html]
[nhatran111.vn/lib/jqPaginator/jqPaginator.css]
[nhatran111.vn/dang-ky-thi-xep-lop/chi-tiet/lich-thi-dau-vao-lop-ielts-chieu-thu-sau-ngay-03-05-2024-tu-14-h-00-den-16-h-30.html]
[nhatran111.vn/dang-ky-thi-xep-lop/chi-tiet/lich-thi-dau-vao-lop-6-7-8-9-chieu-thu-bay-ngay-04-05-2024-tu-14-h-00-den-16-h-00.html]
[nhatran111.vn/dang-ky-thi-xep-lop/chi-tiet/lich-thi-dau-vao-lop-ielts-toi-thu-bay-ngay-04-05-2024-tu-18-h-00-den-20-h-30.html]
[nhatran111.vn/dang-ky-thi-xep-lop/chi-tiet/lich-thi-dau-vao-lop-6-7-8-9-chieu-chu-nhat-ngay-05-05-2024-tu-14-h-00-den-16-h-00.html]
[nhatran111.vn/dang-ky-thi-xep-lop/chi-tiet/lich-thi-dau-vao-lop-ielts-toi-chu-nhat-ngay-05-05-2024-tu-18-h-00-den-20-h-30.html]
[nhatran111.vn/dang-ky-thi-xep-lop/chi-tiet/lich-thi-dau-vao-lop-ielts-chieu-thu-ba-ngay-07-05-2024-tu-14-h-00-den-16-h-30.html]
[nhatran111.vn/dang-ky-thi-xep-lop/chi-tiet/lich-thi-dau-vao-lop-ielts-toi-thu-tu-ngay-08-05-2024-tu-18-h-00-den-20-h-30.html]
[nhatran111.vn/dang-ky-thi-xep-lop/chi-tiet/lich-thi-dau-vao-lop-ielts-chieu-thu-sau-ngay-10-05-2024-tu-14-h-00-den-16-h-30.html]
[nhatran111.vn/dang-ky-thi-xep-lop/chi-tiet/lich-thi-dau-vao-lop-6-7-8-9-chieu-thu-bay-ngay-11-05-2024-tu-14-h-00-den-16-h-00.html]
[nhatran111.vn/dang-ky-thi-xep-lop/chi-tiet/lich-thi-dau-vao-lop-ielts-toi-thu-bay-ngay-11-05-2024-tu-18-h-00-den-20-h-30.html]
[nhatran111.vn/dang-ky-thi-xep-lop/chi-tiet/lich-thi-dau-vao-lop-6-7-8-9-chieu-chu-nhat-ngay-12-05-2024-tu-14-h-00-den-16-h-00.html]
[nhatran111.vn/dang-ky-thi-xep-lop/chi-tiet/lich-thi-dau-vao-lop-ielts-chieu-thu-ba-ngay-14-05-2024-tu-14-h-00-den-16-h-30.html]
[nhatran111.vn/dang-ky-thi-xep-lop/chi-tiet/lich-thi-dau-vao-lop-ielts-toi-thu-tu-ngay-15-05-2024-tu-18-h-00-den-20-h-30.html]
[nhatran111.vn/dang-ky-thi-xep-lop/chi-tiet/lich-thi-dau-vao-lop-ielts-chieu-thu-sau-ngay-17-05-2024-tu-14-h-00-den-16-h-30.html]
[nhatran111.vn/dang-ky-thi-xep-lop/chi-tiet/lich-thi-dau-vao-lop-6-7-8-9-chieu-thu-bay-ngay-18-05-2024-tu-14-h-00-den-16-h-00.html]
[nhatran111.vn/dang-ky-thi-xep-lop/chi-tiet/lich-thi-dau-vao-lop-ielts-toi-thu-bay-ngay-18-05-2024-tu-18-h-00-den-20-h-30.html]
[nhatran111.vn/dang-ky-thi-xep-lop/chi-tiet/lich-thi-dau-vao-lop-6-7-8-9-chieu-chu-nhat-ngay-19-05-2024-tu-14-h-00-den-16-h-00.html]
[nhatran111.vn/dang-ky-thi-xep-lop/chi-tiet/lich-thi-dau-vao-lop-ielts-toi-chu-nhat-ngay-19-05-2024-tu-18-h-00-den-20-h-30.html]
[nhatran111.vn/dang-ky-thi-xep-lop/chi-tiet/lich-thi-dau-vao-lop-ielts-chieu-thu-ba-ngay-21-05-2024-tu-14-h-00-den-16-h-30.html]
[nhatran111.vn/dang-ky-thi-xep-lop/chi-tiet/lich-thi-dau-vao-lop-ielts-toi-thu-tu-ngay-22-05-2024-tu-18-h-00-den-20-h-30.html]
[nhatran111.vn/dang-ky-thi-xep-lop/chi-tiet/lich-thi-dau-vao-lop-ielts-chieu-thu-sau-ngay-24-05-2024-tu-14-h-00-den-16-h-30.html]
[nhatran111.vn/dang-ky-thi-xep-lop/chi-tiet/lich-thi-dau-vao-lop-6-7-8-9-chieu-thu-bay-ngay-25-05-2024-tu-14-h-00-den-16-h-00.html]
[nhatran111.vn/dang-ky-thi-xep-lop/chi-tiet/lich-thi-dau-vao-lop-ielts-toi-thu-bay-ngay-25-05-2024-tu-18-h-00-den-20-h-30.html]
[nhatran111.vn/dang-ky-thi-xep-lop/chi-tiet/lich-thi-dau-vao-lop-6-7-8-9-chieu-chu-nhat-ngay-26-05-2024-tu-14-h-00-den-16-h-00.html]
[nhatran111.vn/dang-ky-thi-xep-lop/chi-tiet/lich-thi-dau-vao-lop-ielts-toi-chu-nhat-ngay-26-05-2024-tu-18-h-00-den-20-h-30.html]
[nhatran111.vn/dang-ky-thi-xep-lop/chi-tiet/lich-thi-dau-vao-lop-ielts-chieu-thu-ba-ngay-28-05-2024-tu-14-h-00-den-16-h-30.html]
[nhatran111.vn/dang-ky-thi-xep-lop/chi-tiet/lich-thi-dau-vao-lop-ielts-toi-thu-tu-ngay-29-05-2024-tu-18-h-00-den-20-h-30.html]
[nhatran111.vn/dang-ky-thi-xep-lop/chi-tiet/lich-thi-dau-vao-lop-ielts-chieu-thu-sau-ngay-31-05-2024-tu-14-h-00-den-16-h-30.html]
[nhatran111.vn/dang-ky-thi-xep-lop/chi-tiet/lich-thi-dau-vao-lop-6-7-8-9-chieu-thu-bay-ngay-01-06-2024-tu-14-h-00-den-16-h-00.html]
[nhatran111.vn/dang-ky-thi-xep-lop/chi-tiet/lich-thi-dau-vao-lop-ielts-toi-thu-bay-ngay-01-06-2024-tu-18-h-00-den-20-h-30.html]
[nhatran111.vn/dang-ky-thi-xep-lop/chi-tiet/lich-thi-dau-vao-lop-6-7-8-9-chieu-chu-nhat-ngay-02-06-2024-tu-14-h-00-den-16-h-00.html]
[nhatran111.vn/dang-ky-thi-xep-lop/chi-tiet/lich-thi-dau-vao-lop-ielts-toi-chu-nhat-ngay-02-06-2024-tu-18-h-00-den-20-h-30.html]
[nhatran111.vn/dang-ky-thi-xep-lop/chi-tiet/lich-thi-dau-vao-lop-ielts-chieu-thu-ba-ngay-04-06-2024-tu-14-h-00-den-16-h-30.html]
[nhatran111.vn/dang-ky-thi-xep-lop/chi-tiet/lich-thi-dau-vao-lop-ielts-toi-thu-tu-ngay-05-06-2024-tu-18-h-00-den-20-h-30.html]
[nhatran111.vn/dang-ky-thi-xep-lop/chi-tiet/lich-thi-dau-vao-lop-ielts-chieu-thu-sau-ngay-07-06-2024-tu-14-h-00-den-16-h-30.html]
[nhatran111.vn/dang-ky-thi-xep-lop/chi-tiet/lich-thi-dau-vao-lop-6-7-8-9-chieu-thu-bay-ngay-08-06-2024-tu-14-h-00-den-16-h-00.html]
[nhatran111.vn/dang-ky-thi-xep-lop/chi-tiet/lich-thi-dau-vao-lop-ielts-toi-thu-bay-ngay-08-06-2024-tu-18-h-00-den-20-h-30.html]
[nhatran111.vn/dang-ky-thi-xep-lop/chi-tiet/lich-thi-dau-vao-lop-6-7-8-9-chieu-chu-nhat-ngay-09-06-2024-tu-14-h-00-den-16-h-00.html]
